cd nonexistdir
open nonexistfile -r
creat testfile
creat testfile
open testfile -invalid
open testfile -r
open testfile -r
close testfile
close testfile
rm testfile
rm testfile
exit
